
> aetherlog@0.0.0 build
> vite build

[36mvite v6.4.1 [32mbuilding for production...[36m[39m
transforming...
[32mΓ£ô[39m 21 modules transformed.
node.exe : 
[31mΓ£ù[39m Build 
failed in 228ms
At C:\Program Files\n
odejs\npm.ps1:29 
char:3
+   & $NODE_EXE 
$NPM_CLI_JS $args
+   ~~~~~~~~~~~~~~~~~
~~~~~~~~~~~~
    + CategoryInfo   
           : NotSpe  
  cified: ([31mΓ£   
 ù[39m Build fai    
led in 228ms:Str    
ing) [], RemoteE    
xception
    + FullyQualified 
   ErrorId : Native  
  CommandError
 
[31merror during 
build:
[31m[vite:esbuild] 
Transform failed 
with 1 error:
C:/Users/abdel/Downlo
ads/aetherlog (17)/co
mponents/DataSources.
tsx:29:9: ERROR: 
Expected "}" but 
found "$"[31m
file: [36mC:/Users/a
bdel/Downloads/aether
log (17)/components/D
ataSources.tsx:29:9[
31m
[33m
[33mExpected "}" 
but found "$"[33m
27 |    hostname: 
'localhost',
28 |    port: 4000,
29 |    path: `${API_
BASE_URL}/api/ingest`
,
   |           ^
30 |    method: 
'POST',
31 |    headers: {
[31m
    at 
failureErrorWithLog (
C:\Users\abdel\Downlo
ads\aetherlog (17)\no
de_modules\esbuild\li
b\main.js:1467:15)
    at C:\Users\abdel
\Downloads\aetherlog 
(17)\node_modules\esb
uild\lib\main.js:736:
50
    at responseCallba
cks.<computed> (C:\Us
ers\abdel\Downloads\a
etherlog (17)\node_mo
dules\esbuild\lib\mai
n.js:603:9)
    at 
handleIncomingPacket 
(C:\Users\abdel\Downl
oads\aetherlog (17)\n
ode_modules\esbuild\l
ib\main.js:658:12)
    at Socket.readFro
mStdout (C:\Users\abd
el\Downloads\aetherlo
g (17)\node_modules\e
sbuild\lib\main.js:58
1:7)
    at Socket.emit 
(node:events:518:28)
    at addChunk (node
:internal/streams/rea
dable:561:12)
    at readableAddChu
nkPushByteMode (node:
internal/streams/read
able:512:3)
    at Readable.push 
(node:internal/stream
s/readable:392:5)
    at 
Pipe.onStreamRead (no
de:internal/stream_ba
se_commons:189:23)[3
9m
